 cutoff  arm  group   n  Topt_CUE    lo    hi  P37  E_K  E_K_lo  E_K_hi  fold_38_40
    0.5 full Clade1 176     27.82 27.58 34.05 1.00 0.75    0.67    0.81        1.39
    0.5 full Clade2 159     33.99 28.12 35.21 0.99 0.55    0.46    0.63        1.41
    0.5 full Clade3 176     31.13 30.35 32.12 1.00 0.68    0.60    0.77        1.03
    0.5 full Clade4 175     32.01 31.44 37.40 0.94 0.66    0.60    0.71        1.58
    0.5 full    Duo  88     28.48 26.37 32.31 1.00 0.57    0.52    0.64         NaN
    0.5 full    Hae 144     31.29 23.87 38.20 0.92 0.51    0.45    0.57        0.79
    0.5 full   para 137     26.52 26.27 34.07 1.00 0.56    0.50    0.63        1.49
    0.5 hiO2 Clade1 176     27.84 27.60 34.11 1.00 0.73    0.65    0.80        1.37
    0.5 hiO2 Clade2 159     34.03 28.63 35.08 1.00 0.55    0.48    0.64        1.46
    0.5 hiO2 Clade3 176     31.23 30.34 37.45 0.97 0.65    0.55    0.78        1.07
    0.5 hiO2 Clade4 175     31.97 31.50 37.20 0.96 0.64    0.58    0.69        1.65
    0.5 hiO2    Duo  88     28.53 27.26 35.34 1.00 0.52    0.46    0.57         NaN
    0.5 hiO2    Hae 144     41.70 23.96 41.83 0.67 0.49    0.43    0.54        0.81
    0.5 hiO2   para 137     26.54 26.40 34.11 1.00 0.55    0.49    0.61        1.57
    0.7 hiO2 Clade1 176     33.87 33.21 37.83 0.81 0.64    0.58    0.71        1.62
    0.7 hiO2 Clade2 159     34.44 30.05 36.52 0.98 0.54    0.45    0.61        1.23
    0.7 hiO2 Clade3 176     41.49 32.11 42.18 0.14 0.60    0.51    0.71        1.02
    0.7 hiO2 Clade4 175     32.01 31.78 42.53 0.66 0.57    0.52    0.64        1.54
    0.7 hiO2    Duo  88     31.08 26.97 35.49 1.00 0.46    0.41    0.51         NaN
    0.7 hiO2    Hae 144     41.72 23.99 42.17 0.42 0.45    0.41    0.50        0.62
    0.7 hiO2   para 137     29.87 28.13 34.10 1.00 0.51    0.45    0.56        1.32
    0.8 hiO2 Clade1 176     33.88 33.37 41.88 0.69 0.56    0.44    0.64        2.50
    0.8 hiO2 Clade2 159     30.21 29.82 39.43 0.54 0.51    0.44    0.57        1.34
    0.8 hiO2 Clade3 176     41.77 34.17 42.66 0.05 0.55    0.47    0.64        0.92
    0.8 hiO2 Clade4 175     42.64 32.00 44.00 0.32 0.51    0.43    0.57        1.23
    0.8 hiO2    Duo  88     31.34 30.12 35.23 1.00 0.42    0.38    0.48         NaN
    0.8 hiO2    Hae 144     42.12 28.37 44.00 0.32 0.38    0.31    0.45        0.59
    0.8 hiO2   para 137     29.93 28.59 34.14 1.00 0.46    0.41    0.54        1.66
